2024-10-08T03:13:32.046Z - info: Initializing jsreport (version: 4.6.0, configuration file: jsreport.config.json, nodejs: 20.12.1)
2024-10-08T03:13:32.049Z - info: Searching for available extensions in C:\Users\ferna\OneDrive\Documents\Proyectos\DEMotors-JsReport\
2024-10-08T03:13:32.055Z - info: Extensions location cache contains up to date information, skipping crawling in C:\Users\ferna\OneDrive\Documents\Proyectos\DEMotors-JsReport\
2024-10-08T03:13:32.057Z - info: Found 35 extension(s)
2024-10-08T03:13:32.110Z - info: Using extension base@4.0.0
2024-10-08T03:13:32.114Z - info: Using extension child-templates@4.1.0
2024-10-08T03:13:32.117Z - info: Using extension cli@4.0.4
2024-10-08T03:13:32.118Z - info: Using extension components@4.0.2
2024-10-08T03:13:32.120Z - info: Using extension data@4.1.0
2024-10-08T03:13:32.121Z - info: Using extension express@4.1.2
2024-10-08T03:13:32.346Z - info: Using extension freeze@4.0.0
2024-10-08T03:13:32.348Z - info: Using extension fs-store@4.0.4
2024-10-08T03:13:32.441Z - info: Using extension handlebars@4.0.1
2024-10-08T03:13:32.442Z - info: Using extension import-export@4.0.4
2024-10-08T03:13:32.450Z - info: Using extension jsrender@4.0.0
2024-10-08T03:13:32.450Z - info: Using extension licensing@4.0.2
2024-10-08T03:13:32.456Z - info: Using extension localization@4.0.1
2024-10-08T03:13:32.458Z - info: Using extension npm@4.0.0
2024-10-08T03:13:32.460Z - info: Using extension pdf-utils@4.2.1
2024-10-08T03:13:32.462Z - info: Using extension reports@4.1.2
2024-10-08T03:13:32.464Z - info: Using extension tags@4.0.1
2024-10-08T03:13:32.466Z - info: Using extension text@4.0.2
2024-10-08T03:13:32.471Z - info: Using extension version-control@4.0.0
2024-10-08T03:13:32.477Z - info: Using extension assets@4.1.1
2024-10-08T03:13:32.485Z - info: Using extension authorization@4.0.0
2024-10-08T03:13:32.489Z - info: Using extension browser-client@4.1.0
2024-10-08T03:13:32.491Z - info: Using extension chrome-pdf@4.1.0
2024-10-08T03:13:32.494Z - info: Using extension docx@4.5.0
2024-10-08T03:13:32.496Z - info: Using extension html-to-xlsx@4.1.2
2024-10-08T03:13:32.781Z - info: html-to-xlsx detected chrome as available html engine
2024-10-08T03:13:32.782Z - info: Using extension pptx@4.3.1
2024-10-08T03:13:32.784Z - info: Using extension scheduling@4.0.0
2024-10-08T03:13:32.808Z - info: Using extension scripts@4.1.0
2024-10-08T03:13:32.809Z - info: Using extension static-pdf@4.1.0
2024-10-08T03:13:32.810Z - info: Using extension studio@4.1.1
2024-10-08T03:13:32.861Z - info: Using extension xlsx@4.2.0
2024-10-08T03:13:32.863Z - info: Using extension public-templates@4.0.0
2024-10-08T03:13:32.864Z - info: Using extension sample-template@4.0.0
2024-10-08T03:13:32.866Z - info: Using extension studio-theme-dark@4.0.0
2024-10-08T03:13:32.867Z - info: Using general timeout for rendering (reportTimeout: 60000)
2024-10-08T03:13:32.867Z - info: Using fs provider for template store.
2024-10-08T03:13:32.871Z - info: fs store is persisting using fs for C:\Users\ferna\OneDrive\Documents\Proyectos\DEMotors-JsReport\data
2024-10-08T03:13:32.875Z - info: fs store is loading data
2024-10-08T03:13:32.879Z - info: fs store is initialized successfully
2024-10-08T03:13:32.887Z - info: Creating default express app.
2024-10-08T03:13:32.902Z - info: jsreport server successfully started on http port: 5488
2024-10-08T03:13:32.904Z - info: Verifying license key free
2024-10-08T03:13:32.905Z - info: Using free license
2024-10-08T03:13:32.923Z - info: Migrating templates chrome settings (waitForNetworkIddle -> waitForNetworkIdle)
2024-10-08T03:13:32.928Z - info: Migration successful
2024-10-08T03:13:32.929Z - info: Initializing worker threads
2024-10-08T03:13:33.566Z - info: 2 worker threads initialized in 637ms
2024-10-08T03:13:33.567Z - info: Starting temp files cleanup with 180000ms threshold
2024-10-08T03:13:33.567Z - info: reporter initialized
2024-10-08T03:18:35.917Z - info: Render request 1 queued for execution and waiting for available worker rootId=9gn8m0cc9ei3h7h, id=9gn8m0cc9ei3h7h
2024-10-08T03:18:35.933Z - info: Starting rendering request 1 rootId=9gn8m0cc9ei3h7h, id=9gn8m0cc9ei3h7h
2024-10-08T03:18:35.933Z - info: Rendering template { name: lista-equipo-clientes-main, recipe: chrome-pdf, engine: handlebars, preview: true } rootId=9gn8m0cc9ei3h7h, id=9gn8m0cc9ei3h7h
2024-10-08T03:18:36.561Z - warn: Error when processing render request 1
(because) error when evaluating engine handlebars for template /DEMotors/Reportes equipos del cliente/lista-equipo-clientes-main
(because) "asset" helper call failed
(because) asset demotors_logo.png not found

(system-helpers.js line 293:20)

  291 |
  292 |   const jsreport = require('jsreport-proxy')
> 293 |   const assetVal = await jsreport.assets.read(path, encoding)
      |                    ^
  294 |   return assetVal
  295 | }
  296 |


Error: Asset demotors_logo.png not found
  at module.exports (C:\Users\ferna\OneDrive\Documents\Proyectos\DEMotors-JsReport\node_modules\@jsreport\jsreport-core\lib\shared\createError.js:10:13)
  at WorkerReporter.createError (C:\Users\ferna\OneDrive\Documents\Proyectos\DEMotors-JsReport\node_modules\@jsreport\jsreport-core\lib\shared\reporter.js:53:12)
  at readAsset (C:\Users\ferna\OneDrive\Documents\Proyectos\DEMotors-JsReport\node_modules\@jsreport\jsreport-assets\lib\assetsShared.js:121:24)
  at async Object.read (C:\Users\ferna\OneDrive\Documents\Proyectos\DEMotors-JsReport\node_modules\@jsreport\jsreport-assets\lib\worker.js:136:19)
  at async Object.asset (system-helpers.js:293:20)
  at async C:\Users\ferna\OneDrive\Documents\Proyectos\DEMotors-JsReport\node_modules\@jsreport\jsreport-core\lib\worker\render\executeEngine.js:271:28
  at async Promise.all (index 1)
  at async executionFn (C:\Users\ferna\OneDrive\Documents\Proyectos\DEMotors-JsReport\node_modules\@jsreport\jsreport-core\lib\worker\render\executeEngine.js:270:11)
  at async run (C:\Users\ferna\OneDrive\Documents\Proyectos\DEMotors-JsReport\node_modules\@jsreport\jsreport-core\lib\worker\sandbox\createSandbox.js:132:18)
  at async WorkerReporter.runInSandbox [as _runInSandbox] (C:\Users\ferna\OneDrive\Documents\Proyectos\DEMotors-JsReport\node_modules\@jsreport\jsreport-core\lib\worker\sandbox\runInSandbox.js:214:14)
  at async executeEngine (C:\Users\ferna\OneDrive\Documents\Proyectos\DEMotors-JsReport\node_modules\@jsreport\jsreport-core\lib\worker\render\executeEngine.js:342:16)
  at async engine.engine (C:\Users\ferna\OneDrive\Documents\Proyectos\DEMotors-JsReport\node_modules\@jsreport\jsreport-core\lib\worker\render\executeEngine.js:146:14)
  at async invokeRender (C:\Users\ferna\OneDrive\Documents\Proyectos\DEMotors-JsReport\node_modules\@jsreport\jsreport-core\lib\worker\render\render.js:61:23)
  at async WorkerReporter._render (C:\Users\ferna\OneDrive\Documents\Proyectos\DEMotors-JsReport\node_modules\@jsreport\jsreport-core\lib\worker\render\render.js:148:7)
  at async C:\Users\ferna\OneDrive\Documents\Proyectos\DEMotors-JsReport\node_modules\@jsreport\jsreport-core\lib\worker\reporter.js:232:24
  at async processAndResponse (C:\Users\ferna\OneDrive\Documents\Proyectos\DEMotors-JsReport\node_modules\@jsreport\advanced-workers\lib\workerHandler.js:41:17)
wrapped by:
Error: "asset" helper call failed
(because) asset demotors_logo.png not found
  at module.exports (C:\Users\ferna\OneDrive\Documents\Proyectos\DEMotors-JsReport\node_modules\@jsreport\jsreport-core\lib\shared\createError.js:10:13)
  at WorkerReporter.createError (C:\Users\ferna\OneDrive\Documents\Proyectos\DEMotors-JsReport\node_modules\@jsreport\jsreport-core\lib\shared\reporter.js:53:12)
  at getEnhancedHelperError (C:\Users\ferna\OneDrive\Documents\Proyectos\DEMotors-JsReport\node_modules\@jsreport\jsreport-core\lib\worker\render\executeEngine.js:425:54)
  at C:\Users\ferna\OneDrive\Documents\Proyectos\DEMotors-JsReport\node_modules\@jsreport\jsreport-core\lib\worker\render\executeEngine.js:443:15
  at async C:\Users\ferna\OneDrive\Documents\Proyectos\DEMotors-JsReport\node_modules\@jsreport\jsreport-core\lib\worker\render\executeEngine.js:271:28
  at async Promise.all (index 1)
  at async executionFn (C:\Users\ferna\OneDrive\Documents\Proyectos\DEMotors-JsReport\node_modules\@jsreport\jsreport-core\lib\worker\render\executeEngine.js:270:11)
  at async run (C:\Users\ferna\OneDrive\Documents\Proyectos\DEMotors-JsReport\node_modules\@jsreport\jsreport-core\lib\worker\sandbox\createSandbox.js:132:18)
  at async WorkerReporter.runInSandbox [as _runInSandbox] (C:\Users\ferna\OneDrive\Documents\Proyectos\DEMotors-JsReport\node_modules\@jsreport\jsreport-core\lib\worker\sandbox\runInSandbox.js:214:14)
  at async executeEngine (C:\Users\ferna\OneDrive\Documents\Proyectos\DEMotors-JsReport\node_modules\@jsreport\jsreport-core\lib\worker\render\executeEngine.js:342:16)
  at async engine.engine (C:\Users\ferna\OneDrive\Documents\Proyectos\DEMotors-JsReport\node_modules\@jsreport\jsreport-core\lib\worker\render\executeEngine.js:146:14)
  at async invokeRender (C:\Users\ferna\OneDrive\Documents\Proyectos\DEMotors-JsReport\node_modules\@jsreport\jsreport-core\lib\worker\render\render.js:61:23)
  at async WorkerReporter._render (C:\Users\ferna\OneDrive\Documents\Proyectos\DEMotors-JsReport\node_modules\@jsreport\jsreport-core\lib\worker\render\render.js:148:7)
  at async C:\Users\ferna\OneDrive\Documents\Proyectos\DEMotors-JsReport\node_modules\@jsreport\jsreport-core\lib\worker\reporter.js:232:24
  at async processAndResponse (C:\Users\ferna\OneDrive\Documents\Proyectos\DEMotors-JsReport\node_modules\@jsreport\advanced-workers\lib\workerHandler.js:41:17)
wrapped by:
Error: Error when evaluating engine handlebars for template /DEMotors/Reportes equipos del cliente/lista-equipo-clientes-main
(because) "asset" helper call failed
(because) asset demotors_logo.png not found
  at module.exports (C:\Users\ferna\OneDrive\Documents\Proyectos\DEMotors-JsReport\node_modules\@jsreport\jsreport-core\lib\shared\createError.js:10:13)
  at WorkerReporter.createError (C:\Users\ferna\OneDrive\Documents\Proyectos\DEMotors-JsReport\node_modules\@jsreport\jsreport-core\lib\shared\reporter.js:53:12)
  at executeEngine (C:\Users\ferna\OneDrive\Documents\Proyectos\DEMotors-JsReport\node_modules\@jsreport\jsreport-core\lib\worker\render\executeEngine.js:365:35)
  at async engine.engine (C:\Users\ferna\OneDrive\Documents\Proyectos\DEMotors-JsReport\node_modules\@jsreport\jsreport-core\lib\worker\render\executeEngine.js:146:14)
  at async invokeRender (C:\Users\ferna\OneDrive\Documents\Proyectos\DEMotors-JsReport\node_modules\@jsreport\jsreport-core\lib\worker\render\render.js:61:23)
  at async WorkerReporter._render (C:\Users\ferna\OneDrive\Documents\Proyectos\DEMotors-JsReport\node_modules\@jsreport\jsreport-core\lib\worker\render\render.js:148:7)
  at async C:\Users\ferna\OneDrive\Documents\Proyectos\DEMotors-JsReport\node_modules\@jsreport\jsreport-core\lib\worker\reporter.js:232:24
  at async processAndResponse (C:\Users\ferna\OneDrive\Documents\Proyectos\DEMotors-JsReport\node_modules\@jsreport\advanced-workers\lib\workerHandler.js:41:17) rootId=9gn8m0cc9ei3h7h, id=9gn8m0cc9ei3h7h
2024-10-08T03:18:36.561Z - warn: Rendering request 1 finished with error in 647 ms rootId=9gn8m0cc9ei3h7h, id=9gn8m0cc9ei3h7h
2024-10-08T03:19:44.958Z - info: Render request 2 queued for execution and waiting for available worker rootId=3lvq7d5csx5jloz, id=3lvq7d5csx5jloz
2024-10-08T03:19:44.969Z - info: Starting rendering request 2 rootId=3lvq7d5csx5jloz, id=3lvq7d5csx5jloz
2024-10-08T03:19:44.969Z - info: Rendering template { name: lista-equipo-clientes-main, recipe: chrome-pdf, engine: handlebars, preview: true } rootId=3lvq7d5csx5jloz, id=3lvq7d5csx5jloz
2024-10-08T03:19:46.136Z - info: Rendering request 2 finished in 1180 ms rootId=3lvq7d5csx5jloz, id=3lvq7d5csx5jloz
2024-10-08T03:20:54.907Z - info: Render request 3 queued for execution and waiting for available worker rootId=6zk5mujpuy22inp, id=6zk5mujpuy22inp
2024-10-08T03:20:54.914Z - info: Starting rendering request 3 rootId=6zk5mujpuy22inp, id=6zk5mujpuy22inp
2024-10-08T03:20:54.914Z - info: Rendering template { name: lista-equipo-clientes-main, recipe: chrome-pdf, engine: handlebars, preview: false } rootId=6zk5mujpuy22inp, id=6zk5mujpuy22inp
2024-10-08T03:20:55.631Z - info: Rendering request 3 finished in 725 ms rootId=6zk5mujpuy22inp, id=6zk5mujpuy22inp
2024-10-08T03:23:06.948Z - info: Render request 4 queued for execution and waiting for available worker rootId=chd6n65ee3hggeu, id=chd6n65ee3hggeu
2024-10-08T03:23:06.957Z - info: Starting rendering request 4 rootId=chd6n65ee3hggeu, id=chd6n65ee3hggeu
2024-10-08T03:23:06.957Z - info: Rendering template { name: lista-equipo-clientes-main, recipe: chrome-pdf, engine: handlebars, preview: true } rootId=chd6n65ee3hggeu, id=chd6n65ee3hggeu
2024-10-08T03:23:07.294Z - info: Rendering request 4 finished in 347 ms rootId=chd6n65ee3hggeu, id=chd6n65ee3hggeu
2024-10-08T03:23:16.094Z - info: Render request 5 queued for execution and waiting for available worker rootId=4ecsruuu3rorepo, id=4ecsruuu3rorepo
2024-10-08T03:23:16.102Z - info: Starting rendering request 5 rootId=4ecsruuu3rorepo, id=4ecsruuu3rorepo
2024-10-08T03:23:16.102Z - info: Rendering template { name: lista-equipo-clientes-main, recipe: chrome-pdf, engine: handlebars, preview: true } rootId=4ecsruuu3rorepo, id=4ecsruuu3rorepo
2024-10-08T03:23:16.527Z - info: Rendering request 5 finished in 434 ms rootId=4ecsruuu3rorepo, id=4ecsruuu3rorepo
2024-10-08T03:24:11.492Z - info: Render request 6 queued for execution and waiting for available worker rootId=v1jajhjmts9o5da, id=v1jajhjmts9o5da
2024-10-08T03:24:11.500Z - info: Starting rendering request 6 rootId=v1jajhjmts9o5da, id=v1jajhjmts9o5da
2024-10-08T03:24:11.500Z - info: Rendering template { name: lista-detalles-equipos-main, recipe: chrome-pdf, engine: handlebars, preview: true } rootId=v1jajhjmts9o5da, id=v1jajhjmts9o5da
2024-10-08T03:24:11.741Z - info: Rendering request 6 finished in 250 ms rootId=v1jajhjmts9o5da, id=v1jajhjmts9o5da
2024-10-08T03:24:49.911Z - info: Render request 7 queued for execution and waiting for available worker rootId=h4kyke15z245xpq, id=h4kyke15z245xpq
2024-10-08T03:24:49.917Z - info: Starting rendering request 7 rootId=h4kyke15z245xpq, id=h4kyke15z245xpq
2024-10-08T03:24:49.917Z - info: Rendering template { name: lista-detalles-equipos-main, recipe: chrome-pdf, engine: handlebars, preview: false } rootId=h4kyke15z245xpq, id=h4kyke15z245xpq
2024-10-08T03:24:50.144Z - info: Rendering request 7 finished in 234 ms rootId=h4kyke15z245xpq, id=h4kyke15z245xpq
2024-10-08T03:25:18.540Z - info: Render request 8 queued for execution and waiting for available worker rootId=qlhxjz3h5mhepib, id=qlhxjz3h5mhepib
2024-10-08T03:25:18.545Z - info: Starting rendering request 8 rootId=qlhxjz3h5mhepib, id=qlhxjz3h5mhepib
2024-10-08T03:25:18.545Z - info: Rendering template { name: lista-equipo-clientes-main, recipe: chrome-pdf, engine: handlebars, preview: false } rootId=qlhxjz3h5mhepib, id=qlhxjz3h5mhepib
2024-10-08T03:25:18.776Z - info: Rendering request 8 finished in 238 ms rootId=qlhxjz3h5mhepib, id=qlhxjz3h5mhepib
2024-10-08T03:25:22.019Z - info: Render request 9 queued for execution and waiting for available worker rootId=jd1j7ovj14ltt32, id=jd1j7ovj14ltt32
2024-10-08T03:25:22.028Z - info: Starting rendering request 9 rootId=jd1j7ovj14ltt32, id=jd1j7ovj14ltt32
2024-10-08T03:25:22.028Z - info: Rendering template { name: lista-detalles-equipos-main, recipe: chrome-pdf, engine: handlebars, preview: false } rootId=jd1j7ovj14ltt32, id=jd1j7ovj14ltt32
2024-10-08T03:25:22.237Z - info: Rendering request 9 finished in 219 ms rootId=jd1j7ovj14ltt32, id=jd1j7ovj14ltt32
2024-10-08T03:25:43.458Z - info: Render request 10 queued for execution and waiting for available worker rootId=ebafohiy9ua62vh, id=ebafohiy9ua62vh
2024-10-08T03:25:43.465Z - info: Starting rendering request 10 rootId=ebafohiy9ua62vh, id=ebafohiy9ua62vh
2024-10-08T03:25:43.465Z - info: Rendering template { name: lista-detalles-equipos-main, recipe: chrome-pdf, engine: handlebars, preview: false } rootId=ebafohiy9ua62vh, id=ebafohiy9ua62vh
2024-10-08T03:25:43.689Z - info: Rendering request 10 finished in 232 ms rootId=ebafohiy9ua62vh, id=ebafohiy9ua62vh
2024-10-08T03:26:10.224Z - info: Render request 11 queued for execution and waiting for available worker rootId=dmvbf2hwldqd3bj, id=dmvbf2hwldqd3bj
2024-10-08T03:26:10.230Z - info: Starting rendering request 11 rootId=dmvbf2hwldqd3bj, id=dmvbf2hwldqd3bj
2024-10-08T03:26:10.230Z - info: Rendering template { name: lista-detalles-equipos-main, recipe: chrome-pdf, engine: handlebars, preview: false } rootId=dmvbf2hwldqd3bj, id=dmvbf2hwldqd3bj
2024-10-08T03:26:10.486Z - info: Rendering request 11 finished in 264 ms rootId=dmvbf2hwldqd3bj, id=dmvbf2hwldqd3bj
2024-10-08T03:26:14.222Z - info: Render request 12 queued for execution and waiting for available worker rootId=3xrujkon69pv3zs, id=3xrujkon69pv3zs
2024-10-08T03:26:14.227Z - info: Starting rendering request 12 rootId=3xrujkon69pv3zs, id=3xrujkon69pv3zs
2024-10-08T03:26:14.227Z - info: Rendering template { name: lista-equipo-clientes-main, recipe: chrome-pdf, engine: handlebars, preview: false } rootId=3xrujkon69pv3zs, id=3xrujkon69pv3zs
2024-10-08T03:26:14.488Z - info: Rendering request 12 finished in 267 ms rootId=3xrujkon69pv3zs, id=3xrujkon69pv3zs
2024-10-08T04:16:31.280Z - info: Render request 13 queued for execution and waiting for available worker rootId=egh44mst3r44x9l, id=egh44mst3r44x9l
2024-10-08T04:16:31.288Z - info: Starting rendering request 13 rootId=egh44mst3r44x9l, id=egh44mst3r44x9l
2024-10-08T04:16:31.288Z - info: Rendering template { name: lista-detalles-equipos-main, recipe: chrome-pdf, engine: handlebars, preview: true } rootId=egh44mst3r44x9l, id=egh44mst3r44x9l
2024-10-08T04:16:31.639Z - info: Rendering request 13 finished in 361 ms rootId=egh44mst3r44x9l, id=egh44mst3r44x9l
2024-10-08T04:16:43.826Z - info: Render request 14 queued for execution and waiting for available worker rootId=jun3a2ahx3o9kds, id=jun3a2ahx3o9kds
2024-10-08T04:16:43.835Z - info: Starting rendering request 14 rootId=jun3a2ahx3o9kds, id=jun3a2ahx3o9kds
2024-10-08T04:16:43.835Z - info: Rendering template { name: lista-detalles-equipos-main, recipe: chrome-pdf, engine: handlebars, preview: true } rootId=jun3a2ahx3o9kds, id=jun3a2ahx3o9kds
2024-10-08T04:16:44.102Z - info: Rendering request 14 finished in 277 ms rootId=jun3a2ahx3o9kds, id=jun3a2ahx3o9kds
2024-10-08T04:16:53.123Z - info: Render request 15 queued for execution and waiting for available worker rootId=0rw05hlj169cdwd, id=0rw05hlj169cdwd
2024-10-08T04:16:53.131Z - info: Starting rendering request 15 rootId=0rw05hlj169cdwd, id=0rw05hlj169cdwd
2024-10-08T04:16:53.131Z - info: Rendering template { name: lista-detalles-equipos-main, recipe: chrome-pdf, engine: handlebars, preview: true } rootId=0rw05hlj169cdwd, id=0rw05hlj169cdwd
2024-10-08T04:16:53.378Z - info: Rendering request 15 finished in 257 ms rootId=0rw05hlj169cdwd, id=0rw05hlj169cdwd
2024-10-09T04:42:30.612Z - info: Initializing jsreport (version: 4.6.0, configuration file: jsreport.config.json, nodejs: 20.12.1)
2024-10-09T04:42:30.615Z - info: Searching for available extensions in C:\Users\ferna\OneDrive\Documents\Proyectos\DEMotors-JsReport\
2024-10-09T04:42:30.626Z - info: Extensions location cache contains up to date information, skipping crawling in C:\Users\ferna\OneDrive\Documents\Proyectos\DEMotors-JsReport\
2024-10-09T04:42:30.649Z - info: Found 35 extension(s)
2024-10-09T04:42:30.718Z - info: Using extension base@4.0.0
2024-10-09T04:42:30.722Z - info: Using extension child-templates@4.1.0
2024-10-09T04:42:30.725Z - info: Using extension cli@4.0.4
2024-10-09T04:42:30.727Z - info: Using extension components@4.0.2
2024-10-09T04:42:30.729Z - info: Using extension data@4.1.0
2024-10-09T04:42:30.731Z - info: Using extension express@4.1.2
2024-10-09T04:42:31.160Z - info: Using extension freeze@4.0.0
2024-10-09T04:42:31.163Z - info: Using extension fs-store@4.0.4
2024-10-09T04:42:31.336Z - info: Using extension handlebars@4.0.1
2024-10-09T04:42:31.338Z - info: Using extension import-export@4.0.4
2024-10-09T04:42:31.351Z - info: Using extension jsrender@4.0.0
2024-10-09T04:42:31.352Z - info: Using extension licensing@4.0.2
2024-10-09T04:42:31.358Z - info: Using extension localization@4.0.1
2024-10-09T04:42:31.360Z - info: Using extension npm@4.0.0
2024-10-09T04:42:31.363Z - info: Using extension pdf-utils@4.2.1
2024-10-09T04:42:31.365Z - info: Using extension reports@4.1.2
2024-10-09T04:42:31.369Z - info: Using extension tags@4.0.1
2024-10-09T04:42:31.372Z - info: Using extension text@4.0.2
2024-10-09T04:42:31.373Z - info: Using extension version-control@4.0.0
2024-10-09T04:42:31.388Z - info: Using extension assets@4.1.1
2024-10-09T04:42:31.402Z - info: Using extension authorization@4.0.0
2024-10-09T04:42:31.407Z - info: Using extension browser-client@4.1.0
2024-10-09T04:42:31.411Z - info: Using extension chrome-pdf@4.1.0
2024-10-09T04:42:31.414Z - info: Using extension docx@4.5.0
2024-10-09T04:42:31.417Z - info: Using extension html-to-xlsx@4.1.2
2024-10-09T04:42:31.941Z - info: html-to-xlsx detected chrome as available html engine
2024-10-09T04:42:31.942Z - info: Using extension pptx@4.3.1
2024-10-09T04:42:31.945Z - info: Using extension scheduling@4.0.0
2024-10-09T04:42:31.989Z - info: Using extension scripts@4.1.0
2024-10-09T04:42:31.991Z - info: Using extension static-pdf@4.1.0
2024-10-09T04:42:31.992Z - info: Using extension studio@4.1.1
2024-10-09T04:42:32.075Z - info: Using extension xlsx@4.2.0
2024-10-09T04:42:32.077Z - info: Using extension public-templates@4.0.0
2024-10-09T04:42:32.079Z - info: Using extension sample-template@4.0.0
2024-10-09T04:42:32.081Z - info: Using extension studio-theme-dark@4.0.0
2024-10-09T04:42:32.083Z - info: Using general timeout for rendering (reportTimeout: 60000)
2024-10-09T04:42:32.083Z - info: Using fs provider for template store.
2024-10-09T04:42:32.086Z - info: fs store is persisting using fs for C:\Users\ferna\OneDrive\Documents\Proyectos\DEMotors-JsReport\data
2024-10-09T04:42:32.091Z - info: fs store is loading data
2024-10-09T04:42:32.105Z - info: fs store is initialized successfully
2024-10-09T04:42:32.113Z - info: Creating default express app.
2024-10-09T04:42:32.152Z - info: jsreport server successfully started on http port: 5488
2024-10-09T04:42:32.153Z - info: Verifying license key free
2024-10-09T04:42:32.154Z - info: Using free license
2024-10-09T04:42:32.157Z - info: Initializing worker threads
2024-10-09T04:42:33.015Z - info: 2 worker threads initialized in 857ms
2024-10-09T04:42:33.015Z - info: Starting temp files cleanup with 180000ms threshold
2024-10-09T04:42:33.016Z - info: reporter initialized
2024-10-09T04:46:24.903Z - info: Render request 1 queued for execution and waiting for available worker rootId=ua4kmuweusxjr71, id=ua4kmuweusxjr71
2024-10-09T04:46:24.921Z - info: Starting rendering request 1 rootId=ua4kmuweusxjr71, id=ua4kmuweusxjr71
2024-10-09T04:46:24.922Z - info: Rendering template { name: lista-detalles-equipos-main, recipe: chrome-pdf, engine: handlebars, preview: true } rootId=ua4kmuweusxjr71, id=ua4kmuweusxjr71
2024-10-09T04:46:26.903Z - info: Rendering request 1 finished in 2004 ms rootId=ua4kmuweusxjr71, id=ua4kmuweusxjr71
2024-10-09T04:47:23.397Z - info: Render request 2 queued for execution and waiting for available worker rootId=vdt3c6dktqhnphe, id=vdt3c6dktqhnphe
2024-10-09T04:47:23.409Z - info: Starting rendering request 2 rootId=vdt3c6dktqhnphe, id=vdt3c6dktqhnphe
2024-10-09T04:47:23.410Z - info: Rendering template { name: lista-detalles-equipos-main, recipe: chrome-pdf, engine: handlebars, preview: true } rootId=vdt3c6dktqhnphe, id=vdt3c6dktqhnphe
2024-10-09T04:47:24.676Z - info: Rendering request 2 finished in 1281 ms rootId=vdt3c6dktqhnphe, id=vdt3c6dktqhnphe
2024-10-09T04:48:13.183Z - info: Render request 3 queued for execution and waiting for available worker rootId=d8pkp74n5ct21m0, id=d8pkp74n5ct21m0
2024-10-09T04:48:13.192Z - info: Starting rendering request 3 rootId=d8pkp74n5ct21m0, id=d8pkp74n5ct21m0
2024-10-09T04:48:13.192Z - info: Rendering template { name: lista-ordenes-servicios-main, recipe: chrome-pdf, engine: handlebars, preview: true } rootId=d8pkp74n5ct21m0, id=d8pkp74n5ct21m0
2024-10-09T04:48:13.658Z - info: Rendering request 3 finished in 477 ms rootId=d8pkp74n5ct21m0, id=d8pkp74n5ct21m0
2024-10-09T04:48:28.858Z - info: Render request 4 queued for execution and waiting for available worker rootId=hkpkii4blc1f3r0, id=hkpkii4blc1f3r0
2024-10-09T04:48:28.866Z - info: Starting rendering request 4 rootId=hkpkii4blc1f3r0, id=hkpkii4blc1f3r0
2024-10-09T04:48:28.866Z - info: Rendering template { name: lista-ordenes-servicios-main, recipe: chrome-pdf, engine: handlebars, preview: false } rootId=hkpkii4blc1f3r0, id=hkpkii4blc1f3r0
2024-10-09T04:48:29.271Z - info: Rendering request 4 finished in 414 ms rootId=hkpkii4blc1f3r0, id=hkpkii4blc1f3r0
2024-10-10T03:52:51.768Z - info: Initializing jsreport (version: 4.6.0, configuration file: jsreport.config.json, nodejs: 20.12.1)
2024-10-10T03:52:51.771Z - info: Searching for available extensions in C:\Users\ferna\OneDrive\Documents\Proyectos\DEMotors-JsReport\
2024-10-10T03:52:51.781Z - info: Extensions location cache contains up to date information, skipping crawling in C:\Users\ferna\OneDrive\Documents\Proyectos\DEMotors-JsReport\
2024-10-10T03:52:51.817Z - info: Found 35 extension(s)
2024-10-10T03:52:51.915Z - info: Using extension base@4.0.0
2024-10-10T03:52:51.919Z - info: Using extension child-templates@4.1.0
2024-10-10T03:52:51.923Z - info: Using extension cli@4.0.4
2024-10-10T03:52:51.925Z - info: Using extension components@4.0.2
2024-10-10T03:52:51.927Z - info: Using extension data@4.1.0
2024-10-10T03:52:51.928Z - info: Using extension express@4.1.2
2024-10-10T03:52:52.335Z - info: Using extension freeze@4.0.0
2024-10-10T03:52:52.337Z - info: Using extension fs-store@4.0.4
2024-10-10T03:52:52.492Z - info: Using extension handlebars@4.0.1
2024-10-10T03:52:52.493Z - info: Using extension import-export@4.0.4
2024-10-10T03:52:52.506Z - info: Using extension jsrender@4.0.0
2024-10-10T03:52:52.507Z - info: Using extension licensing@4.0.2
2024-10-10T03:52:52.513Z - info: Using extension localization@4.0.1
2024-10-10T03:52:52.514Z - info: Using extension npm@4.0.0
2024-10-10T03:52:52.517Z - info: Using extension pdf-utils@4.2.1
2024-10-10T03:52:52.519Z - info: Using extension reports@4.1.2
2024-10-10T03:52:52.523Z - info: Using extension tags@4.0.1
2024-10-10T03:52:52.529Z - info: Using extension text@4.0.2
2024-10-10T03:52:52.531Z - info: Using extension version-control@4.0.0
2024-10-10T03:52:52.540Z - info: Using extension assets@4.1.1
2024-10-10T03:52:52.554Z - info: Using extension authorization@4.0.0
2024-10-10T03:52:52.559Z - info: Using extension browser-client@4.1.0
2024-10-10T03:52:52.562Z - info: Using extension chrome-pdf@4.1.0
2024-10-10T03:52:52.566Z - info: Using extension docx@4.5.0
2024-10-10T03:52:52.568Z - info: Using extension html-to-xlsx@4.1.2
2024-10-10T03:52:53.054Z - info: html-to-xlsx detected chrome as available html engine
2024-10-10T03:52:53.055Z - info: Using extension pptx@4.3.1
2024-10-10T03:52:53.058Z - info: Using extension scheduling@4.0.0
2024-10-10T03:52:53.093Z - info: Using extension scripts@4.1.0
2024-10-10T03:52:53.094Z - info: Using extension static-pdf@4.1.0
2024-10-10T03:52:53.095Z - info: Using extension studio@4.1.1
2024-10-10T03:52:53.178Z - info: Using extension xlsx@4.2.0
2024-10-10T03:52:53.180Z - info: Using extension public-templates@4.0.0
2024-10-10T03:52:53.182Z - info: Using extension sample-template@4.0.0
2024-10-10T03:52:53.184Z - info: Using extension studio-theme-dark@4.0.0
2024-10-10T03:52:53.186Z - info: Using general timeout for rendering (reportTimeout: 60000)
2024-10-10T03:52:53.186Z - info: Using fs provider for template store.
2024-10-10T03:52:53.190Z - info: fs store is persisting using fs for C:\Users\ferna\OneDrive\Documents\Proyectos\DEMotors-JsReport\data
2024-10-10T03:52:53.195Z - info: fs store is loading data
2024-10-10T03:52:53.213Z - info: fs store is initialized successfully
2024-10-10T03:52:53.221Z - info: Creating default express app.
2024-10-10T03:52:53.250Z - info: jsreport server successfully started on http port: 5488
2024-10-10T03:52:53.251Z - info: Verifying license key free
2024-10-10T03:52:53.252Z - info: Using free license
2024-10-10T03:52:53.255Z - info: Initializing worker threads
2024-10-10T03:52:53.940Z - info: 2 worker threads initialized in 685ms
2024-10-10T03:52:53.941Z - info: Starting temp files cleanup with 180000ms threshold
2024-10-10T03:52:53.942Z - info: reporter initialized
2024-10-10T04:45:32.248Z - info: Render request 1 queued for execution and waiting for available worker rootId=vb9gh7vlc95rfyt, id=vb9gh7vlc95rfyt
2024-10-10T04:45:32.273Z - info: Starting rendering request 1 rootId=vb9gh7vlc95rfyt, id=vb9gh7vlc95rfyt
2024-10-10T04:45:32.273Z - info: Rendering template { name: lista-equipo-clientes-main, recipe: chrome-pdf, engine: handlebars, preview: false } rootId=vb9gh7vlc95rfyt, id=vb9gh7vlc95rfyt
2024-10-10T04:45:34.219Z - info: Rendering request 1 finished in 1974 ms rootId=vb9gh7vlc95rfyt, id=vb9gh7vlc95rfyt
2024-10-10T04:46:10.257Z - info: Render request 2 queued for execution and waiting for available worker rootId=yzsoostcwcq9dq3, id=yzsoostcwcq9dq3
2024-10-10T04:46:10.265Z - info: Starting rendering request 2 rootId=yzsoostcwcq9dq3, id=yzsoostcwcq9dq3
2024-10-10T04:46:10.266Z - info: Rendering template { name: lista-equipo-clientes-main, recipe: chrome-pdf, engine: handlebars, preview: false } rootId=yzsoostcwcq9dq3, id=yzsoostcwcq9dq3
2024-10-10T04:46:11.420Z - info: Rendering request 2 finished in 1164 ms rootId=yzsoostcwcq9dq3, id=yzsoostcwcq9dq3
2024-10-10T04:46:14.138Z - info: Render request 3 queued for execution and waiting for available worker rootId=zf864kcc9p6eptu, id=zf864kcc9p6eptu
2024-10-10T04:46:14.145Z - info: Starting rendering request 3 rootId=zf864kcc9p6eptu, id=zf864kcc9p6eptu
2024-10-10T04:46:14.145Z - info: Rendering template { name: lista-detalles-equipos-main, recipe: chrome-pdf, engine: handlebars, preview: false } rootId=zf864kcc9p6eptu, id=zf864kcc9p6eptu
2024-10-10T04:46:14.506Z - info: Rendering request 3 finished in 369 ms rootId=zf864kcc9p6eptu, id=zf864kcc9p6eptu
2024-10-10T05:00:38.983Z - info: Render request 4 queued for execution and waiting for available worker rootId=a7s1ipsyvj6cu5e, id=a7s1ipsyvj6cu5e
2024-10-10T05:00:38.990Z - info: Starting rendering request 4 rootId=a7s1ipsyvj6cu5e, id=a7s1ipsyvj6cu5e
2024-10-10T05:00:38.990Z - info: Rendering template { name: lista-ordenes-servicios-main, recipe: chrome-pdf, engine: handlebars, preview: false } rootId=a7s1ipsyvj6cu5e, id=a7s1ipsyvj6cu5e
2024-10-10T05:00:39.526Z - info: Rendering request 4 finished in 545 ms rootId=a7s1ipsyvj6cu5e, id=a7s1ipsyvj6cu5e
2024-10-10T20:01:23.714Z - info: Initializing jsreport (version: 4.6.0, configuration file: jsreport.config.json, nodejs: 20.12.1)
2024-10-10T20:01:23.717Z - info: Searching for available extensions in C:\Users\ferna\OneDrive\Documents\Proyectos\DEMotors-JsReport\
2024-10-10T20:01:23.725Z - info: Extensions location cache contains up to date information, skipping crawling in C:\Users\ferna\OneDrive\Documents\Proyectos\DEMotors-JsReport\
2024-10-10T20:01:23.757Z - info: Found 35 extension(s)
2024-10-10T20:01:23.829Z - info: Using extension base@4.0.0
2024-10-10T20:01:23.834Z - info: Using extension child-templates@4.1.0
2024-10-10T20:01:23.837Z - info: Using extension cli@4.0.4
2024-10-10T20:01:23.839Z - info: Using extension components@4.0.2
2024-10-10T20:01:23.841Z - info: Using extension data@4.1.0
2024-10-10T20:01:23.842Z - info: Using extension express@4.1.2
2024-10-10T20:01:24.253Z - info: Using extension freeze@4.0.0
2024-10-10T20:01:24.256Z - info: Using extension fs-store@4.0.4
2024-10-10T20:01:24.409Z - info: Using extension handlebars@4.0.1
2024-10-10T20:01:24.410Z - info: Using extension import-export@4.0.4
2024-10-10T20:01:24.424Z - info: Using extension jsrender@4.0.0
2024-10-10T20:01:24.425Z - info: Using extension licensing@4.0.2
2024-10-10T20:01:24.431Z - info: Using extension localization@4.0.1
2024-10-10T20:01:24.432Z - info: Using extension npm@4.0.0
2024-10-10T20:01:24.435Z - info: Using extension pdf-utils@4.2.1
2024-10-10T20:01:24.437Z - info: Using extension reports@4.1.2
2024-10-10T20:01:24.441Z - info: Using extension tags@4.0.1
2024-10-10T20:01:24.443Z - info: Using extension text@4.0.2
2024-10-10T20:01:24.448Z - info: Using extension version-control@4.0.0
2024-10-10T20:01:24.458Z - info: Using extension assets@4.1.1
2024-10-10T20:01:24.470Z - info: Using extension authorization@4.0.0
2024-10-10T20:01:24.475Z - info: Using extension browser-client@4.1.0
2024-10-10T20:01:24.478Z - info: Using extension chrome-pdf@4.1.0
2024-10-10T20:01:24.481Z - info: Using extension docx@4.5.0
2024-10-10T20:01:24.483Z - info: Using extension html-to-xlsx@4.1.2
2024-10-10T20:01:24.953Z - info: html-to-xlsx detected chrome as available html engine
2024-10-10T20:01:24.953Z - info: Using extension pptx@4.3.1
2024-10-10T20:01:24.955Z - info: Using extension scheduling@4.0.0
2024-10-10T20:01:24.992Z - info: Using extension scripts@4.1.0
2024-10-10T20:01:24.994Z - info: Using extension static-pdf@4.1.0
2024-10-10T20:01:24.995Z - info: Using extension studio@4.1.1
2024-10-10T20:01:25.087Z - info: Using extension xlsx@4.2.0
2024-10-10T20:01:25.089Z - info: Using extension public-templates@4.0.0
2024-10-10T20:01:25.091Z - info: Using extension sample-template@4.0.0
2024-10-10T20:01:25.093Z - info: Using extension studio-theme-dark@4.0.0
2024-10-10T20:01:25.096Z - info: Using general timeout for rendering (reportTimeout: 60000)
2024-10-10T20:01:25.096Z - info: Using fs provider for template store.
2024-10-10T20:01:25.100Z - info: fs store is persisting using fs for C:\Users\ferna\OneDrive\Documents\Proyectos\DEMotors-JsReport\data
2024-10-10T20:01:25.105Z - info: fs store is loading data
2024-10-10T20:01:25.121Z - info: fs store is initialized successfully
2024-10-10T20:01:25.133Z - info: Creating default express app.
2024-10-10T20:01:25.165Z - info: jsreport server successfully started on http port: 5488
2024-10-10T20:01:25.166Z - info: Verifying license key free
2024-10-10T20:01:25.167Z - info: Using free license
2024-10-10T20:01:25.170Z - info: Initializing worker threads
2024-10-10T20:01:25.918Z - info: 2 worker threads initialized in 748ms
2024-10-10T20:01:25.919Z - info: Starting temp files cleanup with 180000ms threshold
2024-10-10T20:01:25.920Z - info: reporter initialized
2024-10-10T20:16:10.065Z - info: Render request 1 queued for execution and waiting for available worker rootId=6irs87lum0qcata, id=6irs87lum0qcata
2024-10-10T20:16:10.088Z - info: Starting rendering request 1 rootId=6irs87lum0qcata, id=6irs87lum0qcata
2024-10-10T20:16:10.089Z - info: Rendering template { name: lista-equipo-clientes-main, recipe: chrome-pdf, engine: handlebars, preview: false } rootId=6irs87lum0qcata, id=6irs87lum0qcata
2024-10-10T20:16:11.953Z - info: Rendering request 1 finished in 1891 ms rootId=6irs87lum0qcata, id=6irs87lum0qcata
2024-10-10T20:17:35.927Z - info: Render request 2 queued for execution and waiting for available worker rootId=qvlngqi3r71gd3v, id=qvlngqi3r71gd3v
2024-10-10T20:17:35.936Z - info: Starting rendering request 2 rootId=qvlngqi3r71gd3v, id=qvlngqi3r71gd3v
2024-10-10T20:17:35.937Z - info: Rendering template { name: lista-detalles-equipos-main, recipe: chrome-pdf, engine: handlebars, preview: false } rootId=qvlngqi3r71gd3v, id=qvlngqi3r71gd3v
2024-10-10T20:17:37.180Z - info: Rendering request 2 finished in 1254 ms rootId=qvlngqi3r71gd3v, id=qvlngqi3r71gd3v
2024-10-10T20:18:20.123Z - info: Render request 3 queued for execution and waiting for available worker rootId=g0qviz2a4uuvpov, id=g0qviz2a4uuvpov
2024-10-10T20:18:20.130Z - info: Starting rendering request 3 rootId=g0qviz2a4uuvpov, id=g0qviz2a4uuvpov
2024-10-10T20:18:20.130Z - info: Rendering template { name: lista-ordenes-servicios-main, recipe: chrome-pdf, engine: handlebars, preview: false } rootId=g0qviz2a4uuvpov, id=g0qviz2a4uuvpov
2024-10-10T20:18:20.482Z - info: Rendering request 3 finished in 360 ms rootId=g0qviz2a4uuvpov, id=g0qviz2a4uuvpov
2024-10-15T04:03:18.941Z - info: Initializing jsreport (version: 4.6.0, configuration file: jsreport.config.json, nodejs: 20.12.1)
2024-10-15T04:03:18.944Z - info: Searching for available extensions in C:\Users\ferna\OneDrive\Documents\Proyectos\DEMotors-JsReport\
2024-10-15T04:03:18.954Z - info: Extensions location cache contains up to date information, skipping crawling in C:\Users\ferna\OneDrive\Documents\Proyectos\DEMotors-JsReport\
2024-10-15T04:03:18.991Z - info: Found 35 extension(s)
2024-10-15T04:03:19.064Z - info: Using extension base@4.0.0
2024-10-15T04:03:19.070Z - info: Using extension child-templates@4.1.0
2024-10-15T04:03:19.073Z - info: Using extension cli@4.0.4
2024-10-15T04:03:19.075Z - info: Using extension components@4.0.2
2024-10-15T04:03:19.077Z - info: Using extension data@4.1.0
2024-10-15T04:03:19.079Z - info: Using extension express@4.1.2
2024-10-15T04:03:19.579Z - info: Using extension freeze@4.0.0
2024-10-15T04:03:19.582Z - info: Using extension fs-store@4.0.4
2024-10-15T04:03:19.749Z - info: Using extension handlebars@4.0.1
2024-10-15T04:03:19.751Z - info: Using extension import-export@4.0.4
2024-10-15T04:03:19.762Z - info: Using extension jsrender@4.0.0
2024-10-15T04:03:19.763Z - info: Using extension licensing@4.0.2
2024-10-15T04:03:19.769Z - info: Using extension localization@4.0.1
2024-10-15T04:03:19.770Z - info: Using extension npm@4.0.0
2024-10-15T04:03:19.773Z - info: Using extension pdf-utils@4.2.1
2024-10-15T04:03:19.776Z - info: Using extension reports@4.1.2
2024-10-15T04:03:19.779Z - info: Using extension tags@4.0.1
2024-10-15T04:03:19.786Z - info: Using extension text@4.0.2
2024-10-15T04:03:19.787Z - info: Using extension version-control@4.0.0
2024-10-15T04:03:19.796Z - info: Using extension assets@4.1.1
2024-10-15T04:03:19.810Z - info: Using extension authorization@4.0.0
2024-10-15T04:03:19.816Z - info: Using extension browser-client@4.1.0
2024-10-15T04:03:19.820Z - info: Using extension chrome-pdf@4.1.0
2024-10-15T04:03:19.823Z - info: Using extension docx@4.5.0
2024-10-15T04:03:19.825Z - info: Using extension html-to-xlsx@4.1.2
2024-10-15T04:03:20.316Z - info: html-to-xlsx detected chrome as available html engine
2024-10-15T04:03:20.317Z - info: Using extension pptx@4.3.1
2024-10-15T04:03:20.319Z - info: Using extension scheduling@4.0.0
2024-10-15T04:03:20.362Z - info: Using extension scripts@4.1.0
2024-10-15T04:03:20.363Z - info: Using extension static-pdf@4.1.0
2024-10-15T04:03:20.364Z - info: Using extension studio@4.1.1
2024-10-15T04:03:20.445Z - info: Using extension xlsx@4.2.0
2024-10-15T04:03:20.448Z - info: Using extension public-templates@4.0.0
2024-10-15T04:03:20.451Z - info: Using extension sample-template@4.0.0
2024-10-15T04:03:20.454Z - info: Using extension studio-theme-dark@4.0.0
2024-10-15T04:03:20.456Z - info: Using general timeout for rendering (reportTimeout: 60000)
2024-10-15T04:03:20.456Z - info: Using fs provider for template store.
2024-10-15T04:03:20.459Z - info: fs store is persisting using fs for C:\Users\ferna\OneDrive\Documents\Proyectos\DEMotors-JsReport\data
2024-10-15T04:03:20.464Z - info: fs store is loading data
2024-10-15T04:03:20.480Z - info: fs store is initialized successfully
2024-10-15T04:03:20.489Z - info: Creating default express app.
2024-10-15T04:03:20.520Z - info: jsreport server successfully started on http port: 5488
2024-10-15T04:03:20.521Z - info: Verifying license key free
2024-10-15T04:03:20.521Z - info: Using free license
2024-10-15T04:03:20.524Z - info: Initializing worker threads
2024-10-15T04:03:21.295Z - info: 2 worker threads initialized in 771ms
2024-10-15T04:03:21.295Z - info: Starting temp files cleanup with 180000ms threshold
2024-10-15T04:03:21.296Z - info: reporter initialized
2024-10-15T06:21:16.526Z - info: Render request 1 queued for execution and waiting for available worker rootId=wdm24ry2z5bwms3, id=wdm24ry2z5bwms3
2024-10-15T06:21:16.564Z - info: Starting rendering request 1 rootId=wdm24ry2z5bwms3, id=wdm24ry2z5bwms3
2024-10-15T06:21:16.564Z - info: Rendering template { name: lista-ordenes-servicios-main, recipe: chrome-pdf, engine: handlebars, preview: false } rootId=wdm24ry2z5bwms3, id=wdm24ry2z5bwms3
2024-10-15T06:21:18.989Z - info: Rendering request 1 finished in 2467 ms rootId=wdm24ry2z5bwms3, id=wdm24ry2z5bwms3
2024-10-15T06:23:56.847Z - info: Render request 2 queued for execution and waiting for available worker rootId=r6utdww5cp3jzed, id=r6utdww5cp3jzed
2024-10-15T06:23:56.856Z - info: Starting rendering request 2 rootId=r6utdww5cp3jzed, id=r6utdww5cp3jzed
2024-10-15T06:23:56.857Z - info: Rendering template { name: lista-ordenes-servicios-main, recipe: chrome-pdf, engine: handlebars, preview: false } rootId=r6utdww5cp3jzed, id=r6utdww5cp3jzed
2024-10-15T06:23:58.409Z - info: Rendering request 2 finished in 1563 ms rootId=r6utdww5cp3jzed, id=r6utdww5cp3jzed
2024-10-15T06:24:29.826Z - info: Render request 3 queued for execution and waiting for available worker rootId=opxai0gkhhxqyr1, id=opxai0gkhhxqyr1
2024-10-15T06:24:29.834Z - info: Starting rendering request 3 rootId=opxai0gkhhxqyr1, id=opxai0gkhhxqyr1
2024-10-15T06:24:29.834Z - info: Rendering template { name: lista-ordenes-servicios-main, recipe: chrome-pdf, engine: handlebars, preview: false } rootId=opxai0gkhhxqyr1, id=opxai0gkhhxqyr1
2024-10-15T06:24:30.279Z - info: Rendering request 3 finished in 455 ms rootId=opxai0gkhhxqyr1, id=opxai0gkhhxqyr1
2024-10-16T04:46:09.265Z - info: Initializing jsreport (version: 4.6.0, configuration file: jsreport.config.json, nodejs: 20.12.1)
2024-10-16T04:46:09.268Z - info: Searching for available extensions in C:\Users\ferna\OneDrive\Documents\Proyectos\DEMotors-JsReport\
2024-10-16T04:46:09.275Z - info: Extensions location cache contains up to date information, skipping crawling in C:\Users\ferna\OneDrive\Documents\Proyectos\DEMotors-JsReport\
